# Licensed to the Apache Software Foundation (ASF) under one or more contributor license agreements;
# and to You under the Apache License, Version 2.0.
#
# See readme.html in Java source code directory for the syntax of this file.
#
http://www.isotc211.org/2005/gmd
 MD_Georectified
  centrePoint/centerPoint
 MD_Scope/DQ_Scope !ignore namespace
 DQ_QuantitativeResult
  valueRecordType/valueType
http://www.isotc211.org/2005/srv
 SV_OperationMetadata
  distributedComputingPlatform/DCP
  parameter/parameters
http://standards.iso.org/iso/19115/-2/gmi/1.0
 MI_Instrument
  citation
  identifier
  type
  description
  mountedOn
 MI_Operation
  description
  citation
  identifier
  status
  type
  parentOperation
  childOperation
  platform
  objective
  plan
  significantEvent
 MI_Platform
  citation
  identifier
  description
  sponsor
  instrument
 MI_AcquisitionInformation
  instrument
  operation
  platform
  acquisitionPlan
  objective
  acquisitionRequirement
  environmentalConditions
 MI_Event
  identifier
  trigger
  context
  sequence
  time
  relatedPass
  relatedSensor
  expectedObjective
 MI_Requirement
  citation
  identifier
  requestor
  recipient
  priority
  requestedDate
  expiryDate
  satisifiedPlan
 MI_PlatformPass
  identifier
  extent
  relatedEvent
 MI_Objective
  identifier
  priority
  type
  function
  extent
  sensingInstrument
  pass
  objectiveOccurence/objectiveOccurance
 MI_Plan
  type
  status
  citation
  operation
  satisfiedRequirement
 MI_RequestedDate
  requestedDateOfCollection
  latestAcceptableDate
 MI_SensorTypeCode
 MI_ContextCode
 MI_GeometryTypeCode
 MI_TriggerCode
 MI_SequenceCode
 MI_PriorityCode
 MI_ObjectiveTypeCode
 MI_EnvironmentalRecord
  averageAirTemperature
  maxRelativeHumidity
  maxAltitude
  meterologicalConditions
 MI_OperationTypeCode
 MI_Band
  bandBoundaryDefinition
  nominalSpatialResolution
  transferFunctionType
  transmittedPolarisation
  detectedPolarisation
 MI_CoverageDescription
  rangeElementDescription
 MI_ImageDescription : MI_CoverageDescription
 MI_RangeElementDescription
  name
  definition
  rangeElement
 MI_BandDefinition
 MI_PolarisationOrientationCode/MI_PolarizationOrientationCode
 MI_TransferFunctionTypeCode
 LE_Algorithm
  citation
  description
 LE_Processing
  identifier
  softwareReference
  procedureDescription
  documentation
  runTimeParameters
  algorithm
 LE_Source
  processedLevel
  resolution
 LE_ProcessStep
  processingInformation
  output
  report
 LE_ProcessStepReport
  name
  description
  fileType
 QE_CoverageResult
  spatialRepresentationType
  resultFile
  resultSpatialRepresentation
  resultContentDescription
  resultFormat
 QE_Usability
 LE_NominalResolution
  scanningResolution
  groundResolution
 MI_Metadata
  acquisitionInformation
 MI_Georeferenceable
  geolocationInformation
 MI_Georectified : MD_Georectified
  checkPoint
 MI_GCP
  geographicCoordinates
 MI_GeolocationInformation
 MI_GCPCollection
  collectionIdentification
  collectionName
  coordinateReferenceSystem
  gcp
