# Licensed to the Apache Software Foundation (ASF) under one or more contributor license agreements;
# and to You under the Apache License, Version 2.0.
#
# See readme.html in Java source code directory for the syntax of this file.
#
# Apply to:
* http://standards.iso.org/iso/19115/-2/gmi/1.0
* http://www.isotc211.org/2005/gmi
* http://www.isotc211.org/2005/gmd
* http://www.isotc211.org/2005/srv
* http://www.isotc211.org/2005/gco
* http://www.isotc211.org/2005/gmx
* http://www.opengis.net/gml

http://standards.iso.org/iso/19115/-3/cit/1.0
 AbstractCI_Party
  contactInfo
  name
 CI_Address
  administrativeArea
  city
  country
  deliveryPoint
  electronicMailAddress
  postalCode
 CI_Citation
  ISBN
  ISSN
  alternateTitle
  citedResponsibleParty
  date
  edition
  editionDate
  graphic
  identifier
  onlineResource
  otherCitationDetails
  presentationForm
  series
  title
 CI_Contact
  contactInstructions
  contactType
  hoursOfService
 CI_Date
  date
  dateType
 CI_DateTypeCode
 CI_Individual : AbstractCI_Party
  positionName
 CI_OnLineFunctionCode
 CI_OnlineResource
  applicationProfile
  description
  function
  linkage
  name
  protocol
  protocolRequest
 CI_Organisation : AbstractCI_Party
  individual
  logo
 CI_PresentationFormCode
 CI_Responsibility
  extent
  party
  role
 CI_ResponsibleParty : CI_Responsibility !legacy
 CI_RoleCode
 CI_Series
  issueIdentification
  name
  page
 CI_Telephone
  number
  numberType
 CI_TelephoneTypeCode
http://standards.iso.org/iso/19115/-3/gco/1.0
 Boolean
 CharacterString
 Date
 DateTime
 Decimal
 Distance
 Integer
 LocalName
 Measure
 Real
 Record
 RecordType
 ScopedName
http://standards.iso.org/iso/19115/-3/gcx/1.0
 Anchor
 FileName
 MimeFileType
http://standards.iso.org/iso/19115/-3/gex/1.0
 AbstractEX_GeographicExtent
  extentTypeCode
 EX_BoundingPolygon : AbstractEX_GeographicExtent
  polygon
 EX_Extent
  description
  geographicElement
  temporalElement
  verticalElement
 EX_GeographicBoundingBox : AbstractEX_GeographicExtent
  eastBoundLongitude
  northBoundLatitude
  southBoundLatitude
  westBoundLongitude
 EX_GeographicDescription : AbstractEX_GeographicExtent
  geographicIdentifier
 EX_TemporalExtent
  extent
 EX_SpatialTemporalExtent : EX_TemporalExtent
  spatialExtent
  verticalExtent
 EX_VerticalExtent
  maximumValue
  minimumValue
  verticalCRS
http://standards.iso.org/iso/19115/-3/lan/1.0
 CountryCode
 Country_PropertyType
 LanguageCode
 LanguageCode_PropertyType
 LocalisedCharacterString
 MD_CharacterSetCode
 PT_FreeText_PropertyType
 PT_FreeText
  textGroup
 PT_Locale
  characterEncoding
  country
  language
http://standards.iso.org/iso/19115/-3/mac/1.0
 MI_AcquisitionInformation
  acquisitionPlan
  acquisitionRequirement
  environmentalConditions
  instrument
  objective
  operation
  platform
 MI_ContextCode
 MI_EnvironmentalRecord
  averageAirTemperature
  maxAltitude
  maxRelativeHumidity
  meterologicalConditions
 MI_Event
  context
  expectedObjective
  identifier
  relatedPass
  relatedSensor
  sequence
  time
  trigger
 MI_GeometryTypeCode
 MI_Instrument
  citation
  description
  identifier
  mountedOn
  type
 MI_Objective
  extent
  function
  identifier
  objectiveOccurance/objectiveOccurence
  pass
  priority
  sensingInstrument
  type
 MI_ObjectiveTypeCode
 MI_Operation
  childOperation
  citation
  description
  identifier
  objective
  parentOperation
  plan
  platform
  significantEvent
  status
  type
 MI_OperationTypeCode
 MI_Plan
  citation
  operation
  satisfiedRequirement
  status
  type
 MI_Platform
  citation
  description
  identifier
  instrument
  sponsor
 MI_PlatformPass
  extent
  identifier
  relatedEvent
 MI_PriorityCode
 MI_RequestedDate
  latestAcceptableDate
  requestedDateOfCollection
 MI_Requirement
  citation
  expiryDate
  identifier
  priority
  recipient
  requestedDate
  requestor
  satisifiedPlan
 MI_SequenceCode
 MI_TriggerCode
http://standards.iso.org/iso/19115/-3/mas/1.0
 MD_ApplicationSchemaInformation
  constraintLanguage
  graphicsFile
  name
  schemaAscii
  schemaLanguage
  softwareDevelopmentFile
  softwareDevelopmentFileFormat
http://standards.iso.org/iso/19115/-3/mcc/1.0
 MD_BrowseGraphic
  fileDescription
  fileName
  fileType
  imageConstraints
  linkage
 MD_Identifier
  authority
  code
  codeSpace
  description
  version
 MD_ProgressCode
 DQ_Scope/MD_Scope
  extent
  level
  levelDescription
 MD_ScopeCode
 MD_ScopeDescription
  attributeInstances
  attributes
  dataset
  featureInstances
  features
  other
 MD_SpatialRepresentationTypeCode
http://standards.iso.org/iso/19115/-3/mco/1.0
 MD_ClassificationCode
 MD_Constraints
  constraintApplicationScope
  graphic
  reference
  releasability
  responsibleParty
  useLimitation
 MD_LegalConstraints : MD_Constraints
  accessConstraints
  otherConstraints
  useConstraints
 MD_Releasability
  addressee
  disseminationConstraints
  statement
 MD_RestrictionCode
 MD_SecurityConstraints : MD_Constraints
  classification
  classificationSystem
  handlingDescription
  userNote
http://standards.iso.org/iso/19115/-3/mdb/1.0
 MD_Metadata
  acquisitionInformation
  alternativeMetadataReference
  applicationSchemaInfo
  contact
  contentInfo
  dataQualityInfo
  dateInfo
  defaultLocale
  distributionInfo
  identificationInfo
  metadataConstraints
  metadataExtensionInfo
  metadataIdentifier
  metadataLinkage
  metadataMaintenance
  metadataProfile
  metadataScope
  metadataStandard
  otherLocale
  parentMetadata
  portrayalCatalogueInfo
  referenceSystemInfo
  resourceLineage
  spatialRepresentationInfo
 MD_MetadataScope
  name
  resourceScope
 MI_Metadata : MD_Metadata !other namespace
http://standards.iso.org/iso/19115/-3/mdt/1.0
 MX_DataFile
  featureTypes
  fileDescription
  fileName
  fileType
http://standards.iso.org/iso/19115/-3/mex/1.0
 MD_DatatypeCode
 MD_ExtendedElementInformation
  condition
  dataType
  definition
  domainValue
  maximumOccurrence
  name
  obligation
  parentEntity
  rationale
  rule
  source
 MD_MetadataExtensionInformation
  extendedElementInformation
  extensionOnLineResource
http://standards.iso.org/iso/19115/-3/mmi/1.0
 MD_MaintenanceFrequencyCode
 MD_MaintenanceInformation
  contact
  maintenanceAndUpdateFrequency
  maintenanceDate
  maintenanceNote
  maintenanceScope
  userDefinedMaintenanceFrequency
http://standards.iso.org/iso/19115/-3/mpc/1.0
 MD_PortrayalCatalogueReference
  portrayalCatalogueCitation
http://standards.iso.org/iso/19115/-3/mrc/1.0
 AbstractMD_ContentInformation
 MD_AttributeGroup
  attribute
  contentType
 MD_CoverageContentTypeCode
 MD_CoverageDescription
  attributeDescription
  attributeGroup
  processingLevelCode
  rangeElementDescription
 MD_FeatureCatalogueDescription
  complianceCode
  featureCatalogueCitation
  featureTypes
  includedWithDataset
  locale
 MD_FeatureTypeInfo
  featureInstanceCount
  featureTypeName
 MD_ImageDescription : MD_CoverageDescription
  cameraCalibrationInformationAvailability
  cloudCoverPercentage
  compressionGenerationQuantity
  filmDistortionInformationAvailability
  illuminationAzimuthAngle
  illuminationElevationAngle
  imageQualityCode
  imagingCondition
  lensDistortionInformationAvailability
  radiometricCalibrationDataAvailability
  triangulationIndicator
 MD_ImagingConditionCode
 MD_RangeDimension
  description
  name
  sequenceIdentifier
 MD_SampleDimension : MD_RangeDimension
  bitsPerValue
  maxValue
  meanValue
  minValue
  numberOfValues
  offset
  otherProperty
  otherPropertyType
  scaleFactor
  standardDeviation
  units
 MD_Band : MD_SampleDimension
  bandBoundaryDefinition
  boundMax
  boundMin
  boundUnits
  detectedPolarisation
  nominalSpatialResolution
  peakResponse
  toneGradation
  transferFunctionType
  transmittedPolarisation
 MI_Band : MD_Band
 MI_BandDefinition
 MI_CoverageDescription : MD_CoverageDescription
 MI_ImageDescription : MD_ImageDescription
 MI_PolarizationOrientationCode/MI_PolarisationOrientationCode
 MI_RangeElementDescription
  definition
  name
  rangeElement
 MI_TransferFunctionTypeCode
http://standards.iso.org/iso/19115/-3/mrd/1.0
 MD_DigitalTransferOptions
  distributionFormat
  offLine
  onLine
  transferFrequency
  transferSize
  unitsOfDistribution
 MD_Distribution
  description
  distributionFormat
  distributor
  transferOptions
 MD_Distributor
  distributionOrderProcess
  distributorContact
  distributorFormat
  distributorTransferOptions
 MD_Format
  amendmentNumber
  fileDecompressionTechnique
  formatDistributor
  formatSpecificationCitation
  medium
 MD_Medium
  density
  densityUnits
  identifier
  mediumFormat
  mediumNote
  name
  volumes
 MD_MediumFormatCode
 MD_StandardOrderProcess
  fees
  orderOptions
  orderOptionsType
  orderingInstructions
  plannedAvailableDateTime
  turnaround
http://standards.iso.org/iso/19115/-3/mri/1.0
 AbstractMD_Identification
  abstract
  additionalDocumentation
  associatedResource
  citation
  credit
  descriptiveKeywords
  extent
  graphicOverview
  pointOfContact
  processingLevel
  purpose
  resourceConstraints
  resourceFormat
  resourceMaintenance
  resourceSpecificUsage
  spatialRepresentationType
  spatialResolution
  status
  temporalResolution
  topicCategory
 DS_AssociationTypeCode
 DS_InitiativeTypeCode
 MD_AggregateInformation !legacy
  metadataReference
  name
 MD_AssociatedResource
  associationType
  initiativeType
  metadataReference
  name
 MD_DataIdentification : AbstractMD_Identification
  defaultLocale
  environmentDescription
  otherLocale
  supplementalInformation
 MD_KeywordClass
  className
  conceptIdentifier
  ontology
 MD_KeywordTypeCode
 MD_Keywords
  keyword
  keywordClass
  thesaurusName
  type
 MD_RepresentativeFraction
  denominator
 MD_Resolution
  distance
  equivalentScale
  levelOfDetail
  vertical
 MD_TopicCategoryCode
 MD_Usage
  additionalDocumentation
  identifiedIssues
  response
  specificUsage
  usageDateTime
  userContactInfo
  userDeterminedLimitations
http://standards.iso.org/iso/19115/-3/mrl/1.0
 LE_Algorithm
  citation
  description
 LE_NominalResolution
  groundResolution
  scanningResolution
 LE_ProcessStep
  description
  output
  processingInformation
  processor
  rationale
  reference
  report
  scope
  source
  stepDateTime
 LE_ProcessStepReport
  description
  fileType
  name
 LE_Processing
  algorithm
  documentation
  identifier
  procedureDescription
  runTimeParameters
  softwareReference
 LE_Source
  description
  scope
  sourceCitation
  sourceMetadata
  sourceReferenceSystem
  sourceSpatialResolution
  sourceStep
 LI_Lineage
  additionalDocumentation
  processStep
  scope
  source
  statement
 LI_ProcessStep
  description
  output
  processingInformation
  processor
  rationale
  reference
  report
  scope
  source
  stepDateTime
 LI_Source
  description
  scope
  sourceCitation
  sourceMetadata
  sourceReferenceSystem
  sourceSpatialResolution
  sourceStep
http://standards.iso.org/iso/19115/-3/mrs/1.0
 MD_ReferenceSystem
  referenceSystemIdentifier
http://standards.iso.org/iso/19115/-3/msr/1.0
 AbstractMD_SpatialRepresentation
 AbstractMI_GeolocationInformation
  qualityInfo
 MD_CellGeometryCode
 MD_Dimension
  dimensionDescription
  dimensionName
  dimensionSize
  dimensionTitle
  resolution
 MD_DimensionNameTypeCode
 MD_GeometricObjectTypeCode
 MD_GeometricObjects
  geometricObjectCount
  geometricObjectType
 MD_GridSpatialRepresentation
  axisDimensionProperties
  cellGeometry
  numberOfDimensions
  transformationParameterAvailability
 MD_Georectified : MD_GridSpatialRepresentation
  centerPoint/centrePoint
  checkPoint
  checkPointAvailability
  checkPointDescription
  cornerPoints
  pointInPixel
  transformationDimensionDescription
  transformationDimensionMapping
 MD_Georeferenceable : MD_GridSpatialRepresentation
  controlPointAvailability
  geolocationInformation
  georeferencedParameters
  orientationParameterAvailability
  orientationParameterDescription
  parameterCitation
 MD_TopologyLevelCode
 MD_VectorSpatialRepresentation
  geometricObjects
  topologyLevel
 MI_GCP
  accuracyReport
 MI_GCPCollection : AbstractMI_GeolocationInformation
  collectionIdentification
  collectionName
  coordinateReferenceSystem
  gcp
 MI_Georectified : MD_Georectified
 MI_Georeferenceable : MD_Georeferenceable
http://standards.iso.org/iso/19115/-3/srv/2.0
 DCPList
 SV_CoupledResource
  operation
  resource
  resourceReference
  scopedName
 SV_CouplingType
 SV_OperationChainMetadata
  description
  name
  operation
 SV_OperationMetadata
  connectPoint
  dependsOn
  DCP/distributedComputingPlatform
  invocationName
  operationDescription
  operationName
  parameters/parameter
 SV_Parameter
  description
  direction
  repeatability
  valueType
 SV_ParameterDirection
 SV_ServiceIdentification : AbstractMD_Identification
  accessProperties
  containsChain
  containsOperations
  coupledResource
  couplingType
  operatedDataset
  operatesOn
  profile
  serviceStandard
  serviceType
  serviceTypeVersion
http://standards.iso.org/iso/19157/-2/dqc/1.0
 AbstractDQ_Element !other namespace
  dateTime
http://standards.iso.org/iso/19157/-2/mdq/1.0
 AbstractDQ_Element
  result
 AbstractDQ_Completeness : AbstractDQ_Element
 AbstractDQ_LogicalConsistency : AbstractDQ_Element
 AbstractDQ_PositionalAccuracy : AbstractDQ_Element
 AbstractDQ_Result
 AbstractDQ_TemporalAccuracy : AbstractDQ_Element !other namespace
 AbstractDQ_ThematicAccuracy : AbstractDQ_Element
 DQ_AbsoluteExternalPositionalAccuracy : AbstractDQ_PositionalAccuracy
 DQ_AccuracyOfATimeMeasurement : AbstractDQ_TemporalAccuracy
 DQ_CompletenessCommission : AbstractDQ_Completeness
 DQ_CompletenessOmission : AbstractDQ_Completeness
 DQ_ConceptualConsistency : AbstractDQ_LogicalConsistency
 DQ_ConformanceResult
  explanation
  pass
  specification
 DQ_DataQuality
  report
  scope
 DQ_DomainConsistency : AbstractDQ_LogicalConsistency
 DQ_EvaluationMethodTypeCode
 DQ_FormatConsistency : AbstractDQ_LogicalConsistency
 DQ_GriddedDataPositionalAccuracy : AbstractDQ_PositionalAccuracy
 DQ_NonQuantitativeAttributeAccuracy : AbstractDQ_ThematicAccuracy !other namespace
 DQ_QuantitativeAttributeAccuracy : AbstractDQ_ThematicAccuracy
 DQ_QuantitativeResult
  value
  valueType/valueRecordType
  valueUnit
 DQ_RelativeInternalPositionalAccuracy : AbstractDQ_PositionalAccuracy
 DQ_TemporalConsistency : AbstractDQ_TemporalAccuracy
 DQ_TemporalValidity : AbstractDQ_TemporalAccuracy
 DQ_ThematicClassificationCorrectness : AbstractDQ_ThematicAccuracy
 DQ_TopologicalConsistency : AbstractDQ_LogicalConsistency
 QE_CoverageResult
  resultContentDescription
  resultFile
  resultFormat
  resultSpatialRepresentation
  spatialRepresentationType
 QE_Usability : AbstractDQ_Element !other namespace
http://www.isotc211.org/2005/gts
 TM_Duration
 TM_PeriodDuration
http://www.opengis.net/gml/3.2
 TimeInstant
  timePosition
 TimePeriod
  begin
  beginPosition
  end
  endPosition
http://www.isotc211.org/2005/gmd
 RS_Identifier : MD_Identifier
