AbsoluteExternalPositionalAccuracy
AccuracyOfATimeMeasurement
AcquisitionInformation
Address
AffineCS
AggregateInformation
Algorithm
ApplicationSchemaInformation
AssociatedResource
AssociationType
AttributeGroup
AxisDirection
BandDefinition
BoundingPolygon
BrowseGraphic
CartesianCS
CellGeometry
CharacterSet
Citation
CitationDate
Classification
CodeList
Completeness
CompletenessCommission
CompletenessOmission
CompoundCRS
ConcatenatedOperation
ConceptualConsistency
ConformanceResult
Constraints
Contact
ContentInformation
Context
Conversion
CoordinateOperation
CoordinateReferenceSystem
CoordinateSystem
CoordinateSystemAxis
CoupledResource
CouplingType
Coverage
CoverageContentType
CoverageDescription
CoverageResult
CylindricalCS
DataIdentification
DataQuality
Datatype
DateType
Datum
DatumFactory
DerivedCRS
DigitalTransferOptions
Dimension
DimensionNameType
DirectPosition
DistributedComputingPlatform
Distribution
Distributor
DomainConsistency
Element
Ellipsoid
EllipsoidalCS
EngineeringCRS
EngineeringDatum
EnvironmentalRecord
EvaluationMethodType
Event
ExtendedElementInformation
Extent
Factory
FactoryException
FeatureCatalogueDescription
FeatureTypeInfo
FeatureTypeList
Format
FormatConsistency
Formula
GCP
GCPCollection
GeneralDerivedCRS
GeneralParameterDescriptor
GeneralParameterValue
GeocentricCRS
GeodeticCRS
GeodeticDatum
GeographicBoundingBox
GeographicCRS
GeographicDescription
GeographicExtent
GeolocationInformation
GeometricObjectType
GeometricObjects
Geometry
GeometryType
Georectified
Georeferenceable
GridSpatialRepresentation
GriddedDataPositionalAccuracy
Identification
IdentifiedObject
Identifier
ImageCRS
ImageDatum
ImageDescription
ImagingCondition
Individual
InitiativeType
Instrument
InternationalString
KeywordClass
KeywordType
Keywords
LegalConstraints
Lineage
LinearCS
LogicalConsistency
Matrix
MaintenanceFrequency
MaintenanceInformation
MathTransform
MathTransform2D
Medium
MediumFormat
MediumName
Metadata
MetadataExtensionInformation
MetadataScope
NominalResolution
NonQuantitativeAttributeAccuracy
Objective
ObjectiveType
Obligation
OnLineFunction
OnlineResource
Operation
OperationChainMetadata
OperationMetadata
OperationMethod
OperationType
Organisation
ParameterDescriptor
ParameterDescriptorGroup
ParameterDirection
ParameterValue
ParameterValueGroup
ParameterizedTransformTest
Party
PassThroughOperation
PixelInCell
PixelOrientation
Plan
Platform
PlatformPass
Point
PolarCS
PolarizationOrientation
PortrayalCatalogueReference
Position
PositionalAccuracy
PresentationForm
PrimeMeridian
Priority
ProcessStep
ProcessStepReport
Processing
Progress
ProjectedCRS
QuantitativeAttributeAccuracy
QuantitativeResult
RangeDimension
RangeElementDescription
RangeMeaning
ReferenceIdentifier
ReferenceSystem
ReferenceSystemType
RelativeInternalPositionalAccuracy
Releasability
RepresentativeFraction
RequestedDate
Requirement
Resolution
Responsibility
ResponsibleParty
Restriction
Result
Role
SampleDimension
Scope
ScopeCode
ScopeDescription
SecurityConstraints
Sequence
Series
ServiceIdentification
SingleCRS
SingleOperation
Source
SpatialRepresentation
SpatialRepresentationType
SpatialTemporalExtent
SphericalCS
StandardOrderProcess
Telephone
TelephoneType
TemporalAccuracy
TemporalCRS
TemporalConsistency
TemporalDatum
TemporalExtent
TemporalValidity
ThematicAccuracy
ThematicClassificationCorrectness
TimeCS
TopicCategory
TopologicalConsistency
TopologyLevel
TransferFunctionType
TransfiniteSet
Transformation
TransformException
Trigger
UML
Usability
Usage
UserDefinedCS
ValidatorContainer
Validators
VectorSpatialRepresentation
VerticalCRS
VerticalCS
VerticalDatum
VerticalDatumType
VerticalExtent
