CharacterString
CC_ConcatenatedOperation
CC_Conversion
CC_CoordinateOperation
CC_Formula
CC_GeneralOperationParameter
CC_GeneralParameterValue
CC_OperationMethod
CC_OperationParameter
CC_OperationParameterGroup
CC_ParameterValue
CC_ParameterValueGroup
CC_PassThroughOperation
CC_SingleOperation
CC_Transformation
CD_Datum
CD_Ellipsoid
CD_EngineeringDatum
CD_GeodeticDatum
CD_ImageDatum
CD_PixelInCell
CD_PrimeMeridian
CD_TemporalDatum
CD_VerticalDatum
CD_VerticalDatumType
CI_Address
CI_Citation
CI_Contact
CI_Date
CI_DateTypeCode
CI_Individual
CI_OnLineFunctionCode
CI_OnlineResource
CI_Organisation
CI_Party
CI_PresentationFormCode
CI_Responsibility
CI_ResponsibleParty
CI_RoleCode
CI_Series
CI_Telephone
CI_TelephoneTypeCode
CS_AffineCS
CS_AxisDirection
CS_CartesianCS
CS_CoordinateSystem
CS_CoordinateSystemAxis
CS_CylindricalCS
CS_EllipsoidalCS
CS_ImageCS
CS_LinearCS
CS_PolarCS
CS_RangeMeaning
CS_SphericalCS
CS_TimeCS
CS_UserDefinedCS
CS_VerticalCS
CV_ContinuousCoverage
CV_Coverage
CV_DiscreteCoverage
DCPList
DQ_AbsoluteExternalPositionalAccuracy
DQ_AccuracyOfATimeMeasurement
DQ_Completeness
DQ_CompletenessCommission
DQ_CompletenessOmission
DQ_ConceptualConsistency
DQ_ConformanceResult
DQ_DataQuality
DQ_DomainConsistency
DQ_Element
DQ_EvaluationMethodTypeCode
DQ_FormatConsistency
DQ_GriddedDataPositionalAccuracy
DQ_LogicalConsistency
DQ_NonQuantitativeAttributeAccuracy
DQ_PositionalAccuracy
DQ_QuantitativeAttributeAccuracy
DQ_QuantitativeResult
DQ_RelativeInternalPositionalAccuracy
DQ_Result
DQ_Scope
DQ_TemporalAccuracy
DQ_TemporalConsistency
DQ_TemporalValidity
DQ_ThematicAccuracy
DQ_ThematicClassificationCorrectness
DQ_TopologicalConsistency
DS_AssociationTypeCode
DS_InitiativeTypeCode
Enumeration
EX_BoundingPolygon
EX_Extent
EX_GeographicBoundingBox
EX_GeographicDescription
EX_GeographicExtent
EX_SpatialTemporalExtent
EX_TemporalExtent
EX_VerticalExtent
GM_Object
GM_Point
IO_IdentifiedObject
LE_Algorithm
LE_NominalResolution
LE_ProcessStep
LE_ProcessStepReport
LE_Processing
LE_Source
LI_Lineage
LI_ProcessStep
LI_Source
MD_AggregateInformation
MD_ApplicationSchemaInformation
MD_AssociatedResource
MD_AttributeGroup
MD_Band
MD_BrowseGraphic
MD_CellGeometryCode
MD_CharacterSetCode
MD_ClassificationCode
MD_Constraints
MD_ContentInformation
MD_CoverageContentTypeCode
MD_CoverageDescription
MD_CRS
MD_DataIdentification
MD_DatatypeCode
MD_DigitalTransferOptions
MD_Dimension
MD_DimensionNameTypeCode
MD_Distribution
MD_Distributor
MD_ExtendedElementInformation
MD_FeatureCatalogueDescription
MD_FeatureTypeInfo
MD_FeatureTypeList
MD_Format
MD_GeometricObjectTypeCode
MD_GeometricObjects
MD_Georectified
MD_Georeferenceable
MD_GridSpatialRepresentation
MD_Identification
MD_Identifier
MD_ImageDescription
MD_ImagingConditionCode
MD_KeywordClass
MD_KeywordTypeCode
MD_Keywords
MD_LegalConstraints
MD_MaintenanceFrequencyCode
MD_MaintenanceInformation
MD_Medium
MD_MediumFormatCode
MD_MediumNameCode
MD_Metadata
MD_MetadataExtensionInformation
MD_MetadataScope
MD_ObligationCode
MD_PixelOrientationCode
MD_PortrayalCatalogueReference
MD_ProgressCode
MD_RangeDimension
MD_ReferenceSystemTypeCode
MD_Releasability
MD_RepresentativeFraction
MD_Resolution
MD_RestrictionCode
MD_SampleDimension
MD_Scope
MD_ScopeCode
MD_ScopeDescription
MD_SecurityConstraints
MD_SpatialRepresentation
MD_SpatialRepresentationTypeCode
MD_StandardOrderProcess
MD_TopicCategoryCode
MD_TopologyLevelCode
MD_Usage
MD_VectorSpatialRepresentation
MI_AcquisitionInformation
MI_Band
MI_BandDefinition
MI_ContextCode
MI_CoverageDescription
MI_EnvironmentalRecord
MI_Event
MI_GCP
MI_GCPCollection
MI_GeolocationInformation
MI_GeometryTypeCode
MI_Georectified
MI_Georeferenceable
MI_ImageDescription
MI_Instrument
MI_Metadata
MI_Objective
MI_ObjectiveTypeCode
MI_Operation
MI_OperationTypeCode
MI_Plan
MI_Platform
MI_PlatformPass
MI_PolarizationOrientationCode
MI_PriorityCode
MI_RangeElementDescription
MI_RequestedDate
MI_Requirement
MI_SequenceCode
MI_TransferFunctionTypeCode
MI_TriggerCode
PT_FreeText
QE_CoverageResult
QE_Usability
RS_Identifier
RS_ReferenceSystem
SC_CRS
SC_CompoundCRS
SC_DerivedCRS
SC_EngineeringCRS
SC_GeneralDerivedCRS
SC_GeocentricCRS
SC_GeodeticCRS
SC_GeographicCRS
SC_ImageCRS
SC_ProjectedCRS
SC_SingleCRS
SC_TemporalCRS
SC_VerticalCRS
SV_CoupledResource
SV_CouplingType
SV_OperationChainMetadata
SV_OperationMetadata
SV_ParameterDirection
SV_ServiceIdentification
TOWGS84
